src\__tests__\agent\agent.config.ts:110:14 lint/style/useTemplate  FIXABLE  ━━━━━━━━━━━━━━━━━━━━━━━━

  i Template literals are preferred over string concatenation.
  
    108 │   ping: {
    109 │     type: 'test',
  > 110 │     content: 'PING-TEST-' + Date.now(),
        │              ^^^^^^^^^^^^^^^^^^^^^^^^^
    111 │     expectResponse: true,
    112 │   },
  
  i Unsafe fix: Use a template literal.
  
    108 108 │     ping: {␍
    109 109 │       type: 'test',␍
    110     │ - ····content:·'PING-TEST-'·+·Date.now(),␍
        110 │ + ····content:·`PING-TEST-${Date.now()}`,␍
    111 111 │       expectResponse: true,␍
    112 112 │     },␍
  

src\__tests__\agent\agent.config.ts:171:13 lint/complexity/useLiteralKeys  FIXABLE  ━━━━━━━━━━━━━━━━

  i The computed expression can be simplified without the use of a string literal.
  
    170 │   if (API_CONFIG.authToken) {
  > 171 │     headers['Authorization'] = `Bearer ${API_CONFIG.authToken}`;
        │             ^^^^^^^^^^^^^^^
    172 │   }
    173 │ 
  
  i Unsafe fix: Use a literal key instead.
  
    169 169 │   ␍
    170 170 │     if (API_CONFIG.authToken) {␍
    171     │ - ····headers['Authorization']·=·`Bearer·${API_CONFIG.authToken}`;␍
        171 │ + ····headers.Authorization·=·`Bearer·${API_CONFIG.authToken}`;␍
    172 172 │     }␍
    173 173 │   ␍
  

src\__tests__\e2e\graph.test.ts:15:23 lint/style/useNodejsImportProtocol  FIXABLE  ━━━━━━━━━━━━━━━━━

  i A Node.js builtin module should be imported with the node: protocol.
  
    13 │ import { generateMermaid } from '../../graph/mermaidGenerator';
    14 │ import { findCriticalPath } from '../../graph/operations';
  > 15 │ import * as path from 'path';
       │                       ^^^^^^
    16 │ 
    17 │ const EPICS_PATH = path.resolve(__dirname, '../../../../../docs/projects/EPICS.yaml');
  
  i Using the node: protocol is more explicit and signals that the imported module belongs to Node.js.
  
  i Unsafe fix: Add the node: protocol.
  
     13  13 │   import { generateMermaid } from '../../graph/mermaidGenerator';␍
     14  14 │   import { findCriticalPath } from '../../graph/operations';␍
     15     │ - import·*·as·path·from·'path';␍
         15 │ + import·*·as·path·from·'node:path';␍
     16  16 │   ␍
     17  17 │   const EPICS_PATH = path.resolve(__dirname, '../../../../../docs/projects/EPICS.yaml');␍
  

src\__tests__\federationRoutes.test.ts:6:20 lint/style/useNodejsImportProtocol  FIXABLE  ━━━━━━━━━━━

  i A Node.js builtin module should be imported with the node: protocol.
  
    4 │  */
    5 │ import { describe, it, expect, beforeAll } from 'vitest';
  > 6 │ import crypto from 'crypto';
      │                    ^^^^^^^^
    7 │ import path from 'path';
    8 │ import os from 'os';
  
  i Using the node: protocol is more explicit and signals that the imported module belongs to Node.js.
  
  i Unsafe fix: Add the node: protocol.
  
      4   4 │    */␍
      5   5 │   import { describe, it, expect, beforeAll } from 'vitest';␍
      6     │ - import·crypto·from·'crypto';␍
          6 │ + import·crypto·from·'node:crypto';␍
      7   7 │   import path from 'path';␍
      8   8 │   import os from 'os';␍
  

src\__tests__\federationRoutes.test.ts:7:18 lint/style/useNodejsImportProtocol  FIXABLE  ━━━━━━━━━━━

  i A Node.js builtin module should be imported with the node: protocol.
  
    5 │ import { describe, it, expect, beforeAll } from 'vitest';
    6 │ import crypto from 'crypto';
  > 7 │ import path from 'path';
      │                  ^^^^^^
    8 │ import os from 'os';
    9 │ 
  
  i Using the node: protocol is more explicit and signals that the imported module belongs to Node.js.
  
  i Unsafe fix: Add the node: protocol.
  
      5   5 │   import { describe, it, expect, beforeAll } from 'vitest';␍
      6   6 │   import crypto from 'crypto';␍
      7     │ - import·path·from·'path';␍
          7 │ + import·path·from·'node:path';␍
      8   8 │   import os from 'os';␍
      9   9 │   ␍
  

src\__tests__\federationRoutes.test.ts:8:16 lint/style/useNodejsImportProtocol  FIXABLE  ━━━━━━━━━━━

  i A Node.js builtin module should be imported with the node: protocol.
  
     6 │ import crypto from 'crypto';
     7 │ import path from 'path';
   > 8 │ import os from 'os';
       │                ^^^^
     9 │ 
    10 │ const runId = crypto.randomBytes(6).toString('hex');
  
  i Using the node: protocol is more explicit and signals that the imported module belongs to Node.js.
  
  i Unsafe fix: Add the node: protocol.
  
      6   6 │   import crypto from 'crypto';␍
      7   7 │   import path from 'path';␍
      8     │ - import·os·from·'os';␍
          8 │ + import·os·from·'node:os';␍
      9   9 │   ␍
     10  10 │   const runId = crypto.randomBytes(6).toString('hex');␍
  

src\__tests__\costLimiter.test.ts:8:3 lint/correctness/noUnusedImports  FIXABLE  ━━━━━━━━━━━━━━━━━━━

  ! Several of these imports are unused.
  
     6 │ import { describe, it, expect, beforeEach } from 'vitest';
     7 │ import {
   > 8 │   getCostState,
       │   ^^^^^^^^^^^^^
   > 9 │   getCurrentHourlyCost,
        ...
  > 19 │   HARD_MAX_PARALLEL,
  > 20 │   type CostState,
       │   ^^^^^^^^^^^^^^
    21 │ } from '../pipeline/costLimiter';
    22 │ import {
  
  i Unused imports might be the result of an incomplete refactoring.
  
  i Unsafe fix: Remove the unused imports.
  
      5   5 │   ␍
      6   6 │   import { describe, it, expect, beforeEach } from 'vitest';␍
      7     │ - import·{␍
      8     │ - ··getCostState,␍
          7 │ + import·{␍
      9   8 │     getCurrentHourlyCost,␍
     10   9 │     calculateMaxParallel,␍
    ······· │ 
     13  12 │     estimateTaskCost,␍
     14  13 │     canSpawnWorker,␍
     15     │ - ··getCostAlertMessage,␍
     16     │ - ··SOFT_LIMIT_PER_HOUR,␍
     17     │ - ··HARD_LIMIT_PER_HOUR,␍
     18     │ - ··CRITICAL_LIMIT_PER_HOUR,␍
     19     │ - ··HARD_MAX_PARALLEL,␍
     20     │ - ··type·CostState,␍
         14 │ + ··getCostAlertMessage,␍
         15 │ + ··HARD_MAX_PARALLEL,␍
     21  16 │   } from '../pipeline/costLimiter';␍
     22  17 │   import {␍
  

src\__tests__\e2e\graph.test.ts:164:10 lint/suspicious/noExplicitAny ━━━━━━━━━━━━━━━━━━━━━━━━━━━━━━━

  ! Unexpected any. Specify a different type.
  
    162 │  */
    163 │ function hasTransitiveDependency(
  > 164 │   graph: any,
        │          ^^^
    165 │   nodeId: string,
    166 │   targetId: string,
  
  i any disables many type checking rules. Its use should be avoided.
  

src\__tests__\e2e\graph.test.ts:172:37 lint/suspicious/noExplicitAny ━━━━━━━━━━━━━━━━━━━━━━━━━━━━━━━

  ! Unexpected any. Specify a different type.
  
    170 │   visited.add(nodeId);
    171 │ 
  > 172 │   const node = graph.nodes.find((n: any) => n.id === nodeId);
        │                                     ^^^
    173 │   if (!node) return false;
    174 │ 
  
  i any disables many type checking rules. Its use should be avoided.
  

src\__tests__\e2e\graph.test.ts:11:32 lint/correctness/noUnusedImports  FIXABLE  ━━━━━━━━━━━━━━━━━━━

  ! Several of these imports are unused.
  
     9 │  */
    10 │ 
  > 11 │ import { describe, it, expect, beforeAll, afterAll } from 'vitest';
       │                                ^^^^^^^^^^^^^^^^^^^
    12 │ import { loadEpicGraph } from '../../graph/epicsLoader';
    13 │ import { generateMermaid } from '../../graph/mermaidGenerator';
  
  i Unused imports might be the result of an incomplete refactoring.
  
  i Unsafe fix: Remove the unused imports.
  
    11 │ import·{·describe,·it,·expect,·beforeAll,·afterAll·}·from·'vitest';␍
       │                                --------------------                

src\__tests__\e2e\graph.test.ts:36:5 lint/suspicious/noConsole  FIXABLE  ━━━━━━━━━━━━━━━━━━━━━━━━━━━

  ! Don't use console.
  
    34 │     expect(graph.has_cycles).toBe(false);
    35 │ 
  > 36 │     console.log(`✅ Loaded ${graph.nodes.length} epics`);
       │     ^^^^^^^^^^^
    37 │     console.log(`✅ Completion: ${graph.completion_percentage}%`);
    38 │   });
  
  i The use of console is often reserved for debugging.
  
  i Unsafe fix: Remove console.
  
     32  32 │       expect(graph.parallel_groups).toBeDefined();␍
     33  33 │       expect(graph.completion_percentage).toBeDefined();␍
     34     │ - ····expect(graph.has_cycles).toBe(false);␍
     35     │ - ␍
     36     │ - ····console.log(`✅·Loaded·${graph.nodes.length}·epics`);␍
         34 │ + ····expect(graph.has_cycles).toBe(false);␍
     37  35 │       console.log(`✅ Completion: ${graph.completion_percentage}%`);␍
     38  36 │     });␍
  

src\__tests__\e2e\graph.test.ts:37:5 lint/suspicious/noConsole  FIXABLE  ━━━━━━━━━━━━━━━━━━━━━━━━━━━

  ! Don't use console.
  
    36 │     console.log(`✅ Loaded ${graph.nodes.length} epics`);
  > 37 │     console.log(`✅ Completion: ${graph.completion_percentage}%`);
       │     ^^^^^^^^^^^
    38 │   });
    39 │ 
  
  i The use of console is often reserved for debugging.
  
  i Unsafe fix: Remove console.
  
     34  34 │       expect(graph.has_cycles).toBe(false);␍
     35  35 │   ␍
     36     │ - ····console.log(`✅·Loaded·${graph.nodes.length}·epics`);␍
     37     │ - ····console.log(`✅·Completion:·${graph.completion_percentage}%`);␍
         36 │ + ····console.log(`✅·Loaded·${graph.nodes.length}·epics`);␍
     38  37 │     });␍
     39  38 │   ␍
  

src\__tests__\e2e\graph.test.ts:56:18 lint/correctness/noUnusedVariables  FIXABLE  ━━━━━━━━━━━━━━━━━

  ! This variable depId is unused.
  
    54 │     // Validate edges are present (depends_on relationships)
    55 │     for (const node of graph.nodes) {
  > 56 │       for (const depId of node.depends_on) {
       │                  ^^^^^
    57 │         expect(mermaid).toContain('-->');
    58 │       }
  
  i Unused variables are often the result of typos, incomplete refactors, or other sources of bugs.
  
  i Unsafe fix: If this is intentional, prepend depId with an underscore.
  
     54  54 │       // Validate edges are present (depends_on relationships)␍
     55  55 │       for (const node of graph.nodes) {␍
     56     │ - ······for·(const·depId·of·node.depends_on)·{␍
         56 │ + ······for·(const·_depId·of·node.depends_on)·{␍
     57  57 │           expect(mermaid).toContain('-->');␍
     58  58 │         }␍
  

src\__tests__\e2e\graph.test.ts:61:5 lint/suspicious/noConsole  FIXABLE  ━━━━━━━━━━━━━━━━━━━━━━━━━━━

  ! Don't use console.
  
    59 │     }
    60 │ 
  > 61 │     console.log(`✅ Generated Mermaid diagram (${mermaid.split('\n').length} lines)`);
       │     ^^^^^^^^^^^
    62 │   });
    63 │ 
  
  i The use of console is often reserved for debugging.
  
  i Unsafe fix: Remove console.
  
     57  57 │           expect(mermaid).toContain('-->');␍
     58  58 │         }␍
     59     │ - ····}␍
     60     │ - ␍
     61     │ - ····console.log(`✅·Generated·Mermaid·diagram·(${mermaid.split('\n').length}·lines)`);␍
         59 │ + ····}␍
     62  60 │     });␍
     63  61 │   ␍
  

src\__tests__\e2e\graph.test.ts:93:5 lint/suspicious/noConsole  FIXABLE  ━━━━━━━━━━━━━━━━━━━━━━━━━━━

  ! Don't use console.
  
    91 │     }
    92 │ 
  > 93 │     console.log(`✅ Critical path length: ${criticalPath.length}`);
       │     ^^^^^^^^^^^
    94 │     console.log(`   Path: ${criticalPath.path.join(' → ')}`);
    95 │   });
  
  i The use of console is often reserved for debugging.
  
  i Unsafe fix: Remove console.
  
     89  89 │   ␍
     90  90 │         expect(dependsOnPrevious).toBe(true);␍
     91     │ - ····}␍
     92     │ - ␍
     93     │ - ····console.log(`✅·Critical·path·length:·${criticalPath.length}`);␍
         91 │ + ····}␍
     94  92 │       console.log(`   Path: ${criticalPath.path.join(' → ')}`);␍
     95  93 │     });␍
  

src\__tests__\federationRoutes.test.ts:18:14 lint/suspicious/noExplicitAny ━━━━━━━━━━━━━━━━━━━━━━━━━

  ! Unexpected any. Specify a different type.
  
    17 │ // eslint-disable-next-line @typescript-eslint/no-explicit-any
  > 18 │ let request: any, app: any;
       │              ^^^
    19 │ 
    20 │ beforeAll(async () => {
  
  i any disables many type checking rules. Its use should be avoided.
  

src\__tests__\federationRoutes.test.ts:18:24 lint/suspicious/noExplicitAny ━━━━━━━━━━━━━━━━━━━━━━━━━

  ! Unexpected any. Specify a different type.
  
    17 │ // eslint-disable-next-line @typescript-eslint/no-explicit-any
  > 18 │ let request: any, app: any;
       │                        ^^^
    19 │ 
    20 │ beforeAll(async () => {
  
  i any disables many type checking rules. Its use should be avoided.
  

src\__tests__\federationRoutes.test.ts:56:46 lint/suspicious/noExplicitAny ━━━━━━━━━━━━━━━━━━━━━━━━━

  ! Unexpected any. Specify a different type.
  
    54 │     const inbox = await request(app).get('/api/federation/inbox?island=cabinet&status=unread');
    55 │     expect(inbox.status).toBe(200);
  > 56 │     const row = inbox.body.messages.find((m: any) => m.id === id);
       │                                              ^^^
    57 │     expect(row).toBeTruthy();
    58 │     expect(row.subject).toBe('HTTP roundtrip');
  
  i any disables many type checking rules. Its use should be avoided.
  

src\__tests__\federationRoutes.test.ts:74:47 lint/suspicious/noExplicitAny ━━━━━━━━━━━━━━━━━━━━━━━━━

  ! Unexpected any. Specify a different type.
  
    72 │     // after ack it is no longer in the unread inbox
    73 │     const unreadAfter = await request(app).get('/api/federation/inbox?island=cabinet&status=unread');
  > 74 │     expect(unreadAfter.body.messages.some((m: any) => m.id === id)).toBe(false);
       │                                               ^^^
    75 │   });
    76 │ 
  
  i any disables many type checking rules. Its use should be avoided.
  

src\__tests__\federationRoutes.test.ts:107:38 lint/suspicious/noExplicitAny ━━━━━━━━━━━━━━━━━━━━━━━━

  ! Unexpected any. Specify a different type.
  
    105 │     expect(hist.status).toBe(200);
    106 │     expect(hist.body.status).toBe('completed');
  > 107 │     expect(hist.body.history.map((h: any) => h.to)).toEqual(['read', 'in_progress', 'completed']);
        │                                      ^^^
    108 │     expect(hist.body.history[0].by).toBe('backend');
    109 │   });
  
  i any disables many type checking rules. Its use should be avoided.
  

The number of diagnostics exceeds the limit allowed. Use --max-diagnostics to increase it.
Diagnostics not shown: 1215.
Checked 261 files in 823ms. No fixes applied.
Found 34 errors.
Found 785 warnings.
Found 416 infos.
check ━━━━━━━━━━━━━━━━━━━━━━━━━━━━━━━━━━━━━━━━━━━━━━━━━━━━━━━━━━━━━━━━━━━━━━━━━━━━━━━━━━━━━━━━━━━━━━

  × Some errors were emitted while running checks.
  

